// Jest Snapshot v1, https://goo.gl/fbAQLP

exports[`should randerer Header correctly 1`] = `
ShallowWrapper {
  Symbol(enzyme.__root__): [Circular],
  Symbol(enzyme.__unrendered__): <Header
    startLogout={[Function]}
  />,
  Symbol(enzyme.__renderer__): Object {
    "batchedUpdates": [Function],
    "checkPropTypes": [Function],
    "getNode": [Function],
    "render": [Function],
    "simulateError": [Function],
    "simulateEvent": [Function],
    "unmount": [Function],
  },
  Symbol(enzyme.__node__): Object {
    "instance": null,
    "key": undefined,
    "nodeType": "host",
    "props": Object {
      "children": Array [
        <h1>
          Expensify
        </h1>,
        <NavLink
          activeClassName="is-active"
          aria-current="page"
          to="/"
        >
          Dashboard
        </NavLink>,
        <NavLink
          activeClassName="is-active"
          aria-current="page"
          to="/create"
        >
          Create
        </NavLink>,
        <NavLink
          activeClassName="is-active"
          aria-current="page"
          to="/edit"
        >
          Edit
        </NavLink>,
        <NavLink
          activeClassName="is-active"
          aria-current="page"
          to="/help"
        >
          Help
        </NavLink>,
        <button
          onClick={[Function]}
        >
          Logout
        </button>,
      ],
    },
    "ref": null,
    "rendered": Array [
      Object {
        "instance": null,
        "key": undefined,
        "nodeType": "host",
        "props": Object {
          "children": "Expensify",
        },
        "ref": null,
        "rendered": "Expensify",
        "type": "h1",
      },
      Object {
        "instance": null,
        "key": undefined,
        "nodeType": "function",
        "props": Object {
          "activeClassName": "is-active",
          "aria-current": "page",
          "children": "Dashboard",
          "to": "/",
        },
        "ref": null,
        "rendered": "Dashboard",
        "type": [Function],
      },
      Object {
        "instance": null,
        "key": undefined,
        "nodeType": "function",
        "props": Object {
          "activeClassName": "is-active",
          "aria-current": "page",
          "children": "Create",
          "to": "/create",
        },
        "ref": null,
        "rendered": "Create",
        "type": [Function],
      },
      Object {
        "instance": null,
        "key": undefined,
        "nodeType": "function",
        "props": Object {
          "activeClassName": "is-active",
          "aria-current": "page",
          "children": "Edit",
          "to": "/edit",
        },
        "ref": null,
        "rendered": "Edit",
        "type": [Function],
      },
      Object {
        "instance": null,
        "key": undefined,
        "nodeType": "function",
        "props": Object {
          "activeClassName": "is-active",
          "aria-current": "page",
          "children": "Help",
          "to": "/help",
        },
        "ref": null,
        "rendered": "Help",
        "type": [Function],
      },
      Object {
        "instance": null,
        "key": undefined,
        "nodeType": "host",
        "props": Object {
          "children": "Logout",
          "onClick": [Function],
        },
        "ref": null,
        "rendered": "Logout",
        "type": "button",
      },
    ],
    "type": "header",
  },
  Symbol(enzyme.__nodes__): Array [
    Object {
      "instance": null,
      "key": undefined,
      "nodeType": "host",
      "props": Object {
        "children": Array [
          <h1>
            Expensify
          </h1>,
          <NavLink
            activeClassName="is-active"
            aria-current="page"
            to="/"
          >
            Dashboard
          </NavLink>,
          <NavLink
            activeClassName="is-active"
            aria-current="page"
            to="/create"
          >
            Create
          </NavLink>,
          <NavLink
            activeClassName="is-active"
            aria-current="page"
            to="/edit"
          >
            Edit
          </NavLink>,
          <NavLink
            activeClassName="is-active"
            aria-current="page"
            to="/help"
          >
            Help
          </NavLink>,
          <button
            onClick={[Function]}
          >
            Logout
          </button>,
        ],
      },
      "ref": null,
      "rendered": Array [
        Object {
          "instance": null,
          "key": undefined,
          "nodeType": "host",
          "props": Object {
            "children": "Expensify",
          },
          "ref": null,
          "rendered": "Expensify",
          "type": "h1",
        },
        Object {
          "instance": null,
          "key": undefined,
          "nodeType": "function",
          "props": Object {
            "activeClassName": "is-active",
            "aria-current": "page",
            "children": "Dashboard",
            "to": "/",
          },
          "ref": null,
          "rendered": "Dashboard",
          "type": [Function],
        },
        Object {
          "instance": null,
          "key": undefined,
          "nodeType": "function",
          "props": Object {
            "activeClassName": "is-active",
            "aria-current": "page",
            "children": "Create",
            "to": "/create",
          },
          "ref": null,
          "rendered": "Create",
          "type": [Function],
        },
        Object {
          "instance": null,
          "key": undefined,
          "nodeType": "function",
          "props": Object {
            "activeClassName": "is-active",
            "aria-current": "page",
            "children": "Edit",
            "to": "/edit",
          },
          "ref": null,
          "rendered": "Edit",
          "type": [Function],
        },
        Object {
          "instance": null,
          "key": undefined,
          "nodeType": "function",
          "props": Object {
            "activeClassName": "is-active",
            "aria-current": "page",
            "children": "Help",
            "to": "/help",
          },
          "ref": null,
          "rendered": "Help",
          "type": [Function],
        },
        Object {
          "instance": null,
          "key": undefined,
          "nodeType": "host",
          "props": Object {
            "children": "Logout",
            "onClick": [Function],
          },
          "ref": null,
          "rendered": "Logout",
          "type": "button",
        },
      ],
      "type": "header",
    },
  ],
  Symbol(enzyme.__options__): Object {
    "adapter": ReactSixteenAdapter {
      "options": Object {
        "enableComponentDidUpdateOnSetState": true,
        "legacyContextMode": "parent",
        "lifecycles": Object {
          "componentDidUpdate": Object {
            "onSetState": true,
          },
          "getChildContext": Object {
            "calledByRenderer": false,
          },
          "getDerivedStateFromError": true,
          "getDerivedStateFromProps": Object {
            "hasShouldComponentUpdateBug": false,
          },
          "getSnapshotBeforeUpdate": true,
          "setState": Object {
            "skipsComponentDidUpdateOnNullish": true,
          },
        },
      },
    },
    Symbol(enzyme.__providerValues__): undefined,
  },
  Symbol(enzyme.__providerValues__): Map {},
}
`;
